Copyright 1986-2020 Xilinx, Inc. All Rights Reserved.
----------------------------------------------------------------------------------------------------------------
| Tool Version : Vivado v.2020.1 (lin64) Build 2902540 Wed May 27 19:54:35 MDT 2020
| Date         : Wed May 28 00:37:17 2025
| Host         : cccad4.doc.ic.ac.uk running 64-bit CentOS Linux release 7.9.2009 (Core)
| Command      : report_timing -file /mnt/ccnas2/tdp/tr720/final-year-project-workspace/vivado_synth_timing.rpt
| Design       : calculate_value
| Device       : 7z020-clg400
| Speed File   : -1  PRODUCTION 1.12 2019-11-22
----------------------------------------------------------------------------------------------------------------

Timing Report

Slack:                    inf
  Source:                 prev_in_0_V[4]
                            (input port)
  Destination:            result_0_V[31]
                            (output port)
  Path Group:             (none)
  Path Type:              Max at Slow Process Corner
  Data Path Delay:        12.819ns  (logic 7.586ns (59.181%)  route 5.232ns (40.819%))
  Logic Levels:           14  (CARRY4=7 IBUF=1 LUT3=2 LUT4=1 LUT5=1 LUT6=1 OBUF=1)

    Location             Delay type                Incr(ns)  Path(ns)    Netlist Resource(s)
  -------------------------------------------------------------------    -------------------
                                                      0.000     0.000 r  prev_in_0_V[4] (IN)
                         net (fo=0)                   0.000     0.000    prev_in_0_V[4]
                         IBUF (Prop_ibuf_I_O)         0.972     0.972 r  prev_in_0_V_IBUF[4]_inst/O
                         net (fo=31, unplaced)        0.800     1.771    calculate_value_mbkb_U1/calculate_value_mbkb_Mul_LUT_0_U/prev_in_0_V_IBUF[4]
                         LUT6 (Prop_lut6_I5_O)        0.124     1.895 r  calculate_value_mbkb_U1/calculate_value_mbkb_Mul_LUT_0_U/result_0_V_OBUF[8]_inst_i_56/O
                         net (fo=2, unplaced)         0.650     2.545    calculate_value_mbkb_U1/calculate_value_mbkb_Mul_LUT_0_U/result_0_V_OBUF[8]_inst_i_56_n_0
                         CARRY4 (Prop_carry4_DI[1]_CO[3])
                                                      0.520     3.065 r  calculate_value_mbkb_U1/calculate_value_mbkb_Mul_LUT_0_U/result_0_V_OBUF[8]_inst_i_15/CO[3]
                         net (fo=1, unplaced)         0.000     3.065    calculate_value_mbkb_U1/calculate_value_mbkb_Mul_LUT_0_U/result_0_V_OBUF[8]_inst_i_15_n_0
                         CARRY4 (Prop_carry4_CI_O[0])
                                                      0.232     3.297 r  calculate_value_mbkb_U1/calculate_value_mbkb_Mul_LUT_0_U/result_0_V_OBUF[21]_inst_i_54/O[0]
                         net (fo=2, unplaced)         0.752     4.049    calculate_value_mbkb_U1/calculate_value_mbkb_Mul_LUT_0_U/result_0_V_OBUF[21]_inst_i_54_n_7
                         LUT3 (Prop_lut3_I0_O)        0.321     4.370 r  calculate_value_mbkb_U1/calculate_value_mbkb_Mul_LUT_0_U/result_0_V_OBUF[21]_inst_i_41/O
                         net (fo=2, unplaced)         0.485     4.855    calculate_value_mbkb_U1/calculate_value_mbkb_Mul_LUT_0_U/result_0_V_OBUF[21]_inst_i_41_n_0
                         LUT4 (Prop_lut4_I3_O)        0.355     5.210 r  calculate_value_mbkb_U1/calculate_value_mbkb_Mul_LUT_0_U/result_0_V_OBUF[21]_inst_i_45/O
                         net (fo=1, unplaced)         0.000     5.210    calculate_value_mbkb_U1/calculate_value_mbkb_Mul_LUT_0_U/result_0_V_OBUF[21]_inst_i_45_n_0
                         CARRY4 (Prop_carry4_S[0]_CO[3])
                                                      0.513     5.723 r  calculate_value_mbkb_U1/calculate_value_mbkb_Mul_LUT_0_U/result_0_V_OBUF[21]_inst_i_15/CO[3]
                         net (fo=1, unplaced)         0.000     5.723    calculate_value_mbkb_U1/calculate_value_mbkb_Mul_LUT_0_U/result_0_V_OBUF[21]_inst_i_15_n_0
                         CARRY4 (Prop_carry4_CI_O[3])
                                                      0.331     6.054 r  calculate_value_mbkb_U1/calculate_value_mbkb_Mul_LUT_0_U/result_0_V_OBUF[25]_inst_i_15/O[3]
                         net (fo=3, unplaced)         0.636     6.690    calculate_value_mbkb_U1/calculate_value_mbkb_Mul_LUT_0_U/result_0_V_OBUF[25]_inst_i_15_n_4
                         LUT3 (Prop_lut3_I1_O)        0.307     6.997 r  calculate_value_mbkb_U1/calculate_value_mbkb_Mul_LUT_0_U/result_0_V_OBUF[25]_inst_i_16/O
                         net (fo=2, unplaced)         0.460     7.457    calculate_value_mbkb_U1/calculate_value_mbkb_Mul_LUT_0_U/result_0_V_OBUF[25]_inst_i_16_n_0
                         LUT5 (Prop_lut5_I1_O)        0.124     7.581 r  calculate_value_mbkb_U1/calculate_value_mbkb_Mul_LUT_0_U/result_0_V_OBUF[25]_inst_i_4/O
                         net (fo=2, unplaced)         0.650     8.231    calculate_value_mbkb_U1/calculate_value_mbkb_Mul_LUT_0_U/result_0_V_OBUF[25]_inst_i_4_n_0
                         CARRY4 (Prop_carry4_DI[1]_CO[3])
                                                      0.520     8.751 r  calculate_value_mbkb_U1/calculate_value_mbkb_Mul_LUT_0_U/result_0_V_OBUF[25]_inst_i_1/CO[3]
                         net (fo=1, unplaced)         0.000     8.751    calculate_value_mbkb_U1/calculate_value_mbkb_Mul_LUT_0_U/result_0_V_OBUF[25]_inst_i_1_n_0
                         CARRY4 (Prop_carry4_CI_CO[3])
                                                      0.117     8.868 r  calculate_value_mbkb_U1/calculate_value_mbkb_Mul_LUT_0_U/result_0_V_OBUF[29]_inst_i_1/CO[3]
                         net (fo=1, unplaced)         0.000     8.868    calculate_value_mbkb_U1/calculate_value_mbkb_Mul_LUT_0_U/result_0_V_OBUF[29]_inst_i_1_n_0
                         CARRY4 (Prop_carry4_CI_O[1])
                                                      0.337     9.205 r  calculate_value_mbkb_U1/calculate_value_mbkb_Mul_LUT_0_U/result_0_V_OBUF[31]_inst_i_1/O[1]
                         net (fo=1, unplaced)         0.800    10.005    result_0_V_OBUF[31]
                         OBUF (Prop_obuf_I_O)         2.813    12.819 r  result_0_V_OBUF[31]_inst/O
                         net (fo=0)                   0.000    12.819    result_0_V[31]
                                                                      r  result_0_V[31] (OUT)
  -------------------------------------------------------------------    -------------------




