Copyright 1986-2020 Xilinx, Inc. All Rights Reserved.
----------------------------------------------------------------------------------------------------------------
| Tool Version : Vivado v.2020.1 (lin64) Build 2902540 Wed May 27 19:54:35 MDT 2020
| Date         : Tue May 27 23:41:09 2025
| Host         : cccad4.doc.ic.ac.uk running 64-bit CentOS Linux release 7.9.2009 (Core)
| Command      : report_timing -file /mnt/ccnas2/tdp/tr720/final-year-project-workspace/vivado_synth_timing.rpt
| Design       : calculate_value
| Device       : 7z020-clg400
| Speed File   : -1  PRODUCTION 1.12 2019-11-22
----------------------------------------------------------------------------------------------------------------

Timing Report

Slack:                    inf
  Source:                 weights_0_V[3]
                            (input port)
  Destination:            result_0_V[15]
                            (output port)
  Path Group:             (none)
  Path Type:              Max at Slow Process Corner
  Data Path Delay:        9.885ns  (logic 6.093ns (61.643%)  route 3.791ns (38.357%))
  Logic Levels:           11  (CARRY4=5 IBUF=1 LUT2=1 LUT4=1 LUT6=2 OBUF=1)

    Location             Delay type                Incr(ns)  Path(ns)    Netlist Resource(s)
  -------------------------------------------------------------------    -------------------
                                                      0.000     0.000 f  weights_0_V[3] (IN)
                         net (fo=0)                   0.000     0.000    weights_0_V[3]
                         IBUF (Prop_ibuf_I_O)         0.972     0.972 f  weights_0_V_IBUF[3]_inst/O
                         net (fo=18, unplaced)        0.800     1.771    weights_0_V_IBUF[3]
                         LUT2 (Prop_lut2_I0_O)        0.150     1.921 r  result_0_V_OBUF[3]_inst_i_10/O
                         net (fo=1, unplaced)         0.449     2.370    result_0_V_OBUF[3]_inst_i_10_n_0
                         LUT6 (Prop_lut6_I1_O)        0.124     2.494 r  result_0_V_OBUF[3]_inst_i_6/O
                         net (fo=1, unplaced)         0.000     2.494    result_0_V_OBUF[3]_inst_i_6_n_0
                         CARRY4 (Prop_carry4_S[3]_CO[3])
                                                      0.376     2.870 r  result_0_V_OBUF[3]_inst_i_2/CO[3]
                         net (fo=1, unplaced)         0.009     2.879    result_0_V_OBUF[3]_inst_i_2_n_0
                         CARRY4 (Prop_carry4_CI_O[1])
                                                      0.337     3.216 r  result_0_V_OBUF[10]_inst_i_13/O[1]
                         net (fo=2, unplaced)         0.622     3.838    result_0_V_OBUF[10]_inst_i_13_n_6
                         LUT4 (Prop_lut4_I2_O)        0.332     4.170 r  result_0_V_OBUF[10]_inst_i_12/O
                         net (fo=4, unplaced)         0.473     4.643    result_0_V_OBUF[10]_inst_i_12_n_0
                         LUT6 (Prop_lut6_I0_O)        0.124     4.767 r  result_0_V_OBUF[10]_inst_i_4/O
                         net (fo=1, unplaced)         0.639     5.406    result_0_V_OBUF[10]_inst_i_4_n_0
                         CARRY4 (Prop_carry4_DI[1]_CO[3])
                                                      0.520     5.926 r  result_0_V_OBUF[10]_inst_i_1/CO[3]
                         net (fo=1, unplaced)         0.000     5.926    result_0_V_OBUF[10]_inst_i_1_n_0
                         CARRY4 (Prop_carry4_CI_CO[3])
                                                      0.117     6.043 r  result_0_V_OBUF[14]_inst_i_1/CO[3]
                         net (fo=1, unplaced)         0.000     6.043    result_0_V_OBUF[14]_inst_i_1_n_0
                         CARRY4 (Prop_carry4_CI_O[0])
                                                      0.232     6.275 r  result_0_V_OBUF[15]_inst_i_1/O[0]
                         net (fo=1, unplaced)         0.800     7.075    result_0_V_OBUF[15]
                         OBUF (Prop_obuf_I_O)         2.809     9.885 r  result_0_V_OBUF[15]_inst/O
                         net (fo=0)                   0.000     9.885    result_0_V[15]
                                                                      r  result_0_V[15] (OUT)
  -------------------------------------------------------------------    -------------------




